Analyzing timemark_pro...                                       

   info - 'withOpacity' is deprecated and shouldn't be used. Use .withValues() to avoid precision loss - lib\screens\camera_screen.dart:239:31 - deprecated_member_use
   info - 'withOpacity' is deprecated and shouldn't be used. Use .withValues() to avoid precision loss - lib\screens\camera_screen.dart:301:58 - deprecated_member_use
   info - 'withOpacity' is deprecated and shouldn't be used. Use .withValues() to avoid precision loss - lib\screens\camera_screen.dart:378:35 - deprecated_member_use
   info - 'withOpacity' is deprecated and shouldn't be used. Use .withValues() to avoid precision loss - lib\screens\camera_screen.dart:424:35 - deprecated_member_use
   info - The import of 'dart:typed_data' is unnecessary because all of the used elements are also provided by the import of 'package:flutter/foundation.dart' - lib\services\image_processor.dart:3:8 - unnecessary_import
warning - Unused import: 'package:intl/intl.dart' - lib\services\image_processor.dart:9:8 - unused_import
  error - The element type 'List<int>' can't be assigned to the list type 'Point' - lib\services\image_processor.dart:234:11 - list_element_type_not_assignable
  error - The element type 'List<int>' can't be assigned to the list type 'Point' - lib\services\image_processor.dart:235:11 - list_element_type_not_assignable
  error - The element type 'List<int>' can't be assigned to the list type 'Point' - lib\services\image_processor.dart:236:11 - list_element_type_not_assignable
   info - 'desiredAccuracy' is deprecated and shouldn't be used. use settings parameter with AndroidSettings, AppleSettings, WebSettings, or LocationSettings - lib\services\location_service.dart:9:9 - deprecated_member_use

10 issues found. (ran in 4.2s)
